[2025-12-25 13:19:28 +0000] [1] [INFO] Starting gunicorn 21.2.0
[2025-12-25 13:19:28 +0000] [1] [INFO] Listening at: http://0.0.0.0:8000 (1)
[2025-12-25 13:19:28 +0000] [1] [INFO] Using worker: uvicorn.workers.UvicornWorker
[2025-12-25 13:19:28 +0000] [52] [INFO] Booting worker with pid: 52
2025-12-25 13:19:50.482 | INFO     | models.resnet_service:__init__:11 - [ResNet] Initializing on device=cuda
Downloading: "https://download.pytorch.org/models/resnet50-11ad3fa6.pth" to /root/.cache/torch/hub/checkpoints/resnet50-11ad3fa6.pth
  0%|          | 0.00/97.8M [00:00<?, ?B/s]  1%|          | 1.12M/97.8M [00:00<00:08, 11.8MB/s]  9%|▉         | 8.71M/97.8M [00:00<00:01, 47.6MB/s] 21%|██        | 20.5M/97.8M [00:00<00:01, 80.6MB/s] 30%|███       | 29.6M/97.8M [00:00<00:00, 86.5MB/s] 40%|████      | 39.3M/97.8M [00:00<00:00, 91.3MB/s] 51%|█████     | 50.0M/97.8M [00:00<00:00, 92.0MB/s] 63%|██████▎   | 61.6M/97.8M [00:00<00:00, 101MB/s]  73%|███████▎  | 71.2M/97.8M [00:00<00:00, 99.9MB/s] 83%|████████▎ | 81.0M/97.8M [00:00<00:00, 101MB/s]  94%|█████████▎| 91.6M/97.8M [00:01<00:00, 104MB/s]100%|██████████| 97.8M/97.8M [00:01<00:00, 92.0MB/s]
2025-12-25 13:19:53.309 | INFO     | models.yolo_service:__init__:8 - [YOLO] Loading model yolov8n.pt
Downloading https://github.com/ultralytics/assets/releases/download/v8.1.0/yolov8n.pt to 'yolov8n.pt'...
  0%|          | 0.00/6.23M [00:00<?, ?B/s]100%|██████████| 6.23M/6.23M [00:00<00:00, 86.4MB/s]
[2025-12-25 13:19:54 +0000] [52] [INFO] Started server process [52]
[2025-12-25 13:19:54 +0000] [52] [INFO] Waiting for application startup.
[2025-12-25 13:19:54 +0000] [52] [INFO] Application startup complete.
2025-12-25 13:50:53.670 | INFO     | main:infer:36 - [API] Request received task=classification, workload=10s
2025-12-25 13:50:53.863 | INFO     | scheduler:run:26 - [SCHEDULER] Request entered scheduler queue
2025-12-25 13:50:53.864 | INFO     | scheduler:run:29 - [SCHEDULER] GPU lock acquired
2025-12-25 13:50:53.865 | INFO     | main:run_resnet:46 - [RESNET] Starting GPU workload
2025-12-25 13:50:53.865 | INFO     | models.resnet_service:predict:36 - [ResNet] Inference started
2025-12-25 13:51:04.305 | INFO     | models.resnet_service:predict:55 - [ResNet] Inference finished after 10.44s
2025-12-25 13:51:04.306 | INFO     | scheduler:run:36 - [SCHEDULER] GPU task finished in 10.44s
2025-12-25 13:51:26.366 | INFO     | main:infer:36 - [API] Request received task=classification, workload=300s
2025-12-25 13:51:26.370 | INFO     | scheduler:run:26 - [SCHEDULER] Request entered scheduler queue
2025-12-25 13:51:26.371 | INFO     | scheduler:run:29 - [SCHEDULER] GPU lock acquired
2025-12-25 13:51:26.371 | INFO     | main:infer:36 - [API] Request received task=detection, workload=300s
2025-12-25 13:51:26.372 | INFO     | main:run_resnet:46 - [RESNET] Starting GPU workload
2025-12-25 13:51:26.373 | INFO     | models.resnet_service:predict:36 - [ResNet] Inference started
2025-12-25 13:51:26.377 | INFO     | scheduler:run:26 - [SCHEDULER] Request entered scheduler queue
2025-12-25 13:56:26.405 | INFO     | models.resnet_service:predict:55 - [ResNet] Inference finished after 300.03s
2025-12-25 13:56:26.405 | INFO     | scheduler:run:36 - [SCHEDULER] GPU task finished in 300.03s
2025-12-25 13:56:26.405 | INFO     | scheduler:run:29 - [SCHEDULER] GPU lock acquired
2025-12-25 13:56:26.406 | INFO     | main:run_yolo:54 - [YOLO] Starting GPU workload
2025-12-25 13:56:26.406 | INFO     | models.yolo_service:predict:15 - [YOLO] Inference started
2025-12-25 14:01:26.535 | INFO     | models.yolo_service:predict:44 - [YOLO] Inference finished after 300.01s
2025-12-25 14:01:26.535 | INFO     | scheduler:run:36 - [SCHEDULER] GPU task finished in 300.13s
2026-01-05 12:38:01.328 | INFO     | main:infer:36 - [API] Request received task=detection, workload=300s
2026-01-05 12:38:01.384 | INFO     | scheduler:run:26 - [SCHEDULER] Request entered scheduler queue
2026-01-05 12:38:01.384 | INFO     | scheduler:run:29 - [SCHEDULER] GPU lock acquired
2026-01-05 12:38:01.385 | INFO     | main:infer:36 - [API] Request received task=classification, workload=300s
2026-01-05 12:38:01.385 | INFO     | main:run_yolo:54 - [YOLO] Starting GPU workload
2026-01-05 12:38:01.386 | INFO     | models.yolo_service:predict:15 - [YOLO] Inference started
2026-01-05 12:38:01.397 | INFO     | scheduler:run:26 - [SCHEDULER] Request entered scheduler queue
2026-01-05 12:43:01.473 | INFO     | models.yolo_service:predict:44 - [YOLO] Inference finished after 300.01s
2026-01-05 12:43:01.474 | INFO     | scheduler:run:36 - [SCHEDULER] GPU task finished in 300.09s
2026-01-05 12:43:01.475 | INFO     | scheduler:run:29 - [SCHEDULER] GPU lock acquired
2026-01-05 12:43:01.475 | INFO     | main:run_resnet:46 - [RESNET] Starting GPU workload
2026-01-05 12:43:01.475 | INFO     | models.resnet_service:predict:36 - [ResNet] Inference started
2026-01-05 12:48:01.531 | INFO     | models.resnet_service:predict:55 - [ResNet] Inference finished after 300.06s
2026-01-05 12:48:01.531 | INFO     | scheduler:run:36 - [SCHEDULER] GPU task finished in 300.06s
